Microchip MPLAB XC8 Compiler V1.45 ()

Linker command line:

-W-3 --edf=C:\Program Files (x86)\Microchip\xc8\v1.45\dat\en_msgs.txt -cs \
  -h+dist/default/production\speed_run.X.production.sym \
  --cmf=dist/default/production\speed_run.X.production.cmf -z -Q18F2553 \
  -oC:\Users\crowe\AppData\Local\Temp\s8co.2 \
  -Mdist/default/production/speed_run.X.production.map -E1 -ver=XC8 \
  --acfsm=1493 -ASTACK=060h-07ffh -pstack=STACK \
  -ACODE=02000h-02005h,02008h-02015h,02018h-07FFFh \
  -ACONST=02000h-02005h,02008h-02015h,02018h-07FFFh \
  -ASMALLCONST=02000h-02005h,02008h-02015h,02018h-020FFh,02100h-021FFhx95 \
  -AMEDIUMCONST=02000h-02005h,02008h-02015h,02018h-07FFFh -ACOMRAM=01h-05Fh \
  -AABS1=00h-07FFh -ABIGRAM=01h-07FFh -ARAM=060h-0FFh,0100h-01FFhx7 \
  -ABANK0=060h-0FFh -ABANK1=0100h-01FFh -ABANK2=0200h-02FFh \
  -ABANK3=0300h-03FFh -ABANK4=0400h-04FFh -ABANK5=0500h-05FFh \
  -ABANK6=0600h-06FFh -ABANK7=0700h-07FFh -ASFR=0F60h-0FFFh \
  -preset_vec=02000h,intcode,intcodelo,powerup,init -pramtop=0800h \
  -psmallconst=SMALLCONST -pmediumconst=MEDIUMCONST -pconst=CONST \
  -AFARRAM=00h-00h -ACONFIG=0300000h-030000Dh -pconfig=CONFIG \
  -AIDLOC=0200000h-0200007h -pidloc=IDLOC -AEEDATA=0F00000h-0F000FFh \
  -peeprom_data=EEDATA \
  -prdata=COMRAM,nvrram=COMRAM,nvbit=COMRAM,rbss=COMRAM,rbit=COMRAM \
  -pfarbss=FARRAM,fardata=FARRAM,nvFARRAM=FARRAM \
  -pintsave_regs=BIGRAM,bigbss=BIGRAM,bigdata=BIGRAM -pbss=RAM \
  -pidata=CODE,irdata=CODE,ibigdata=CODE,ifardata=CODE -prparam=COMRAM \
  C:\Users\crowe\AppData\Local\Temp\s8co.obj \
  dist/default/production\speed_run.X.production.obj 

Object code version is 3.11

Machine type is 18F2553

Call graph: (short form)




                Name                               Link     Load   Length Selector   Space Scale
C:\Users\crowe\AppData\Local\Temp\s8co.obj
                init                               2000     2000        4     1000       0
                idloc                            200000   200000        8   200000       0
                config                           300000   300000        E   300000       0
dist/default/production\speed_run.X.production.obj
                text9                              7D1E     7D1E       42     3E8F       0
                text8                              7C22     7C22       32     3E11       0
                text7                              7E54     7E54      1AC     3F2A       0
                text6                              7CEA     7CEA       34     3E75       0
                text5                              7C54     7C54       32     3E2A       0
                text4                              7BDE     7BDE       22     3DEF       0
                text3                              7C86     7C86       32     3E43       0
                text2                              7C00     7C00       22     3E00       0
                text1                              7CB8     7CB8       32     3E5C       0
                text0                              7D60     7D60       F4     3EB0       0
                cstackCOMRAM                          1        1       11        1       1
                cinit                              2008     2008        A     1004       0

TOTAL           Name                               Link     Load   Length     Space
        CLASS   STACK          

        CLASS   CODE           
                init                               2000     2000        4         0
                text9                              7D1E     7D1E       42         0
                text8                              7C22     7C22       32         0
                text7                              7E54     7E54      1AC         0
                text6                              7CEA     7CEA       34         0
                text5                              7C54     7C54       32         0
                text4                              7BDE     7BDE       22         0
                text3                              7C86     7C86       32         0
                text2                              7C00     7C00       22         0
                text1                              7CB8     7CB8       32         0
                text0                              7D60     7D60       F4         0
                cinit                              2008     2008        A         0

        CLASS   CONST          

        CLASS   SMALLCONST     

        CLASS   MEDIUMCONST    

        CLASS   COMRAM         
                cstackCOMRAM                          1        1       11         1

        CLASS   ABS1           

        CLASS   BIGRAM         

        CLASS   RAM            

        CLASS   BANK0          

        CLASS   BANK1          

        CLASS   BANK2          

        CLASS   BANK3          

        CLASS   BANK4          

        CLASS   BANK5          

        CLASS   BANK6          

        CLASS   BANK7          

        CLASS   SFR            

        CLASS   FARRAM         

        CLASS   CONFIG         
                config                           300000   300000        E         0

        CLASS   IDLOC          
                idloc                            200000   200000        8         0

        CLASS   EEDATA         



SEGMENTS        Name                           Load    Length   Top    Selector   Space  Class

                cstackCOMRAM                   000001  000011  000012         1       1  COMRAM  
                reset_vec                      002000  000004  002004      1000       0  CODE    
                cinit                          002008  00000A  002012      1004       0  CODE    
                text4                          007BDE  000022  007C00      3DEF       0  CODE    
                text2                          007C00  000022  007C22      3E00       0  CODE    
                text8                          007C22  000032  007C54      3E11       0  CODE    
                text5                          007C54  000032  007C86      3E2A       0  CODE    
                text3                          007C86  000032  007CB8      3E43       0  CODE    
                text1                          007CB8  000032  007CEA      3E5C       0  CODE    
                text6                          007CEA  000034  007D1E      3E75       0  CODE    
                text9                          007D1E  000042  007D60      3E8F       0  CODE    
                text0                          007D60  0000F4  007E54      3EB0       0  CODE    
                text7                          007E54  0001AC  008000      3F2A       0  CODE    
                idloc                          200000  000008  200008    200000       0  IDLOC   
                config                         300000  00000E  30000E    300000       0  CONFIG  


UNUSED ADDRESS RANGES

        Name                Unused          Largest block    Delta
        BANK0            000060-0000FF               A0
        BANK1            000100-0001FF              100
        BANK2            000200-0002FF              100
        BANK3            000300-0003FF              100
        BANK4            000400-0004FF              100
        BANK5            000500-0005FF              100
        BANK6            000600-0006FF              100
        BANK7            000700-0007FF              100
        BIGRAM           000012-0007FF              7EE
        CODE             002004-002005                2
                         002012-002015                4
                         002018-007BDD             5BC6
        COMRAM           000012-00005F               4E
        CONST            002004-002005                2
                         002012-002015                4
                         002018-007BDD             5BC6
        EEDATA           F00000-F000FF              100
        FARRAM           000000-000000                1
        MEDIUMCONST      002004-002005                2
                         002012-002015                4
                         002018-007BDD             5BC6
        RAM              000060-0007FF              100
        SFR              000F60-000FFF               A0
        SMALLCONST       002004-002005                2
                         002012-002015                4
                         002018-007BDD              100
        STACK            000060-0007FF              7A0

                                  Symbol Table

_ADCON1                  (abs)        000FC1
_PORTA                   (abs)        000F80
_PORTAbits               (abs)        000F80
_PORTB                   (abs)        000F81
_PORTBbits               (abs)        000F81
_PORTC                   (abs)        000F82
_TRISA                   (abs)        000F92
_TRISB                   (abs)        000F93
_TRISC                   (abs)        000F94
__HRAM                   (abs)        000000
__Habs1                  abs1         000000
__Hbank0                 bank0        000000
__Hbank1                 bank1        000000
__Hbank2                 bank2        000000
__Hbank3                 bank3        000000
__Hbank4                 bank4        000000
__Hbank5                 bank5        000000
__Hbank6                 bank6        000000
__Hbank7                 bank7        000000
__Hbigbss                bigbss       000000
__Hbigdata               bigdata      000000
__Hbigram                bigram       000000
__Hbss                   bss          000000
__Hcinit                 cinit        000000
__Hclrtext               clrtext      000000
__Hcomram                comram       000000
__Hconfig                config       30000E
__Hconst                 const        000000
__HcstackCOMRAM          cstackCOMRAM 000000
__Hdata                  data         000000
__Heeprom_data           eeprom_data  000000
__Hfarbss                farbss       000000
__Hfardata               fardata      000000
__Hibigdata              ibigdata     000000
__Hidata                 idata        000000
__Hidloc                 idloc        200008
__Hifardata              ifardata     000000
__Hinit                  init         002004
__Hintcode               intcode      002000
__Hintcode_body          intcode_body 000000
__Hintcodelo             intcodelo    002000
__Hintentry              intentry     000000
__Hintret                intret       000000
__Hintsave_regs          intsave_regs 000000
__Hirdata                irdata       000000
__Hmediumconst           mediumconst  000000
__HnvFARRAM              nvFARRAM     000000
__Hnvbit                 nvbit        000000
__Hnvrram                nvrram       000000
__Hparam                 rparam       000000
__Hpowerup               powerup      002000
__Hram                   ram          000000
__Hramtop                ramtop       000800
__Hrbit                  rbit         000000
__Hrbss                  rbss         000000
__Hrdata                 rdata        000000
__Hreset_vec             reset_vec    002000
__Hrparam                rparam       000000
__Hsfr                   sfr          000000
__Hsmallconst            smallconst   000000
__Hspace_0               (abs)        30000E
__Hspace_1               (abs)        000012
__Hspace_2               (abs)        000000
__Hstack                 stack        000000
__Hstruct                struct       000000
__Htemp                  temp         000000
__Htext                  text         000000
__Htext0                 text0        000000
__Htext1                 text1        000000
__Htext2                 text2        000000
__Htext3                 text3        000000
__Htext4                 text4        000000
__Htext5                 text5        000000
__Htext6                 text6        000000
__Htext7                 text7        000000
__Htext8                 text8        000000
__Htext9                 text9        000000
__LRAM                   (abs)        000001
__Labs1                  abs1         000000
__Lbank0                 bank0        000000
__Lbank1                 bank1        000000
__Lbank2                 bank2        000000
__Lbank3                 bank3        000000
__Lbank4                 bank4        000000
__Lbank5                 bank5        000000
__Lbank6                 bank6        000000
__Lbank7                 bank7        000000
__Lbigbss                bigbss       000000
__Lbigdata               bigdata      000000
__Lbigram                bigram       000000
__Lbss                   bss          000000
__Lcinit                 cinit        000000
__Lclrtext               clrtext      000000
__Lcomram                comram       000000
__Lconfig                config       300000
__Lconst                 const        000000
__LcstackCOMRAM          cstackCOMRAM 000000
__Ldata                  data         000000
__Leeprom_data           eeprom_data  000000
__Lfarbss                farbss       000000
__Lfardata               fardata      000000
__Libigdata              ibigdata     000000
__Lidata                 idata        000000
__Lidloc                 idloc        200000
__Lifardata              ifardata     000000
__Linit                  init         002000
__Lintcode               intcode      002000
__Lintcode_body          intcode_body 000000
__Lintcodelo             intcodelo    002000
__Lintentry              intentry     000000
__Lintret                intret       000000
__Lintsave_regs          intsave_regs 000000
__Lirdata                irdata       000000
__Lmediumconst           mediumconst  000000
__LnvFARRAM              nvFARRAM     000000
__Lnvbit                 nvbit        000000
__Lnvrram                nvrram       000000
__Lparam                 rparam       000000
__Lpowerup               powerup      002000
__Lram                   ram          000000
__Lramtop                ramtop       000800
__Lrbit                  rbit         000000
__Lrbss                  rbss         000000
__Lrdata                 rdata        000000
__Lreset_vec             reset_vec    002000
__Lrparam                rparam       000000
__Lsfr                   sfr          000000
__Lsmallconst            smallconst   000000
__Lspace_0               (abs)        000000
__Lspace_1               (abs)        000000
__Lspace_2               (abs)        000000
__Lstack                 stack        000000
__Lstruct                struct       000000
__Ltemp                  temp         000000
__Ltext                  text         000000
__Ltext0                 text0        000000
__Ltext1                 text1        000000
__Ltext2                 text2        000000
__Ltext3                 text3        000000
__Ltext4                 text4        000000
__Ltext5                 text5        000000
__Ltext6                 text6        000000
__Ltext7                 text7        000000
__Ltext8                 text8        000000
__Ltext9                 text9        000000
__S0                     (abs)        30000E
__S1                     (abs)        000012
__S2                     (abs)        000000
___inthi_sp              stack        000000
___intlo_sp              stack        000000
___param_bank            (abs)        000000
___rparam_used           (abs)        000001
___sp                    stack        000000
__accesstop              (abs)        000060
__activetblptr           (abs)        000002
__end_of__initialization cinit        002008
__end_of_accelerate      text8        007C54
__end_of_getRoadState    text7        008000
__end_of_led_sens        text6        007D1E
__end_of_main            text0        007E54
__end_of_straight        text5        007C86
__end_of_turnLeft        text4        007C00
__end_of_turnLeftWide    text3        007CB8
__end_of_turnRight       text2        007C22
__end_of_turnRightWide   text1        007CEA
__end_of_wait00          text9        007D60
__initialization         cinit        002008
__mediumconst            mediumconst  000000
__pcinit                 cinit        002008
__pcstackCOMRAM          cstackCOMRAM 000001
__ptext0                 text0        007D60
__ptext1                 text1        007CB8
__ptext2                 text2        007C00
__ptext3                 text3        007C86
__ptext4                 text4        007BDE
__ptext5                 text5        007C54
__ptext6                 text6        007CEA
__ptext7                 text7        007E54
__ptext8                 text8        007C22
__ptext9                 text9        007D1E
__ramtop                 ramtop       000800
__size_of_accelerate     (abs)        000000
__size_of_getRoadState   (abs)        000000
__size_of_led_sens       (abs)        000000
__size_of_main           (abs)        000000
__size_of_straight       (abs)        000000
__size_of_turnLeft       (abs)        000000
__size_of_turnLeftWide   (abs)        000000
__size_of_turnRight      (abs)        000000
__size_of_turnRightWide  (abs)        000000
__size_of_wait00         (abs)        000000
__smallconst             smallconst   000000
_accelerate              text8        007C22
_getRoadState            text7        007E54
_led_sens                text6        007CEA
_main                    text0        007D60
_straight                text5        007C54
_turnLeft                text4        007BDE
_turnLeftWide            text3        007C86
_turnRight               text2        007C00
_turnRightWide           text1        007CB8
_wait00                  text9        007D1E
end_of_initialization    cinit        002008
getRoadState@a           cstackCOMRAM 000001
getRoadState@b           cstackCOMRAM 000003
getRoadState@c           cstackCOMRAM 000005
getRoadState@d           cstackCOMRAM 000007
getRoadState@e           cstackCOMRAM 000009
intlevel0                text         000000
intlevel1                text         000000
intlevel2                text         000000
intlevel3                text         000000
main@previous_road_state cstackCOMRAM 000010
main@road_state          cstackCOMRAM 000011
stackhi                  (abs)        0007FF
stacklo                  (abs)        000060
start                    init         002000
start_initialization     cinit        002008
wait00@i                 cstackCOMRAM 000006
wait00@j                 cstackCOMRAM 000004
wait00@k                 cstackCOMRAM 000001


FUNCTION INFORMATION:

 *************** function _main *****************
 Defined at:
		line 151 in file "main.c"
 Parameters:    Size  Location     Type
		None
 Auto vars:     Size  Location     Type
  road_state      1   16[COMRAM] enum E3329
  previous_roa    1   15[COMRAM] enum E3329
 Return value:  Size  Location     Type
                  2   72[None  ] int 
 Registers used:
		wreg, status,2, status,0, cstack
 Tracked objects:
		On entry : 
		On exit  : 
		Unchanged: 
 Data sizes:     COMRAM   BANK0   BANK1   BANK2   BANK3   BANK4   BANK5   BANK6   BANK7
      Params:         0       0       0       0       0       0       0       0       0
      Locals:         2       0       0       0       0       0       0       0       0
      Temps:          5       0       0       0       0       0       0       0       0
      Totals:         7       0       0       0       0       0       0       0       0
Total ram usage:        7 bytes
 Hardware stack levels required when called:    2
 This function calls:
		_accelerate
		_getRoadState
		_led_sens
		_straight
		_turnLeft
		_turnLeftWide
		_turnRight
		_turnRightWide
		_wait00
 This function is called by:
		Startup code after reset
 This function uses a non-reentrant model


 *************** function _turnRightWide *****************
 Defined at:
		line 122 in file "main.c"
 Parameters:    Size  Location     Type
		None
 Auto vars:     Size  Location     Type
		None
 Return value:  Size  Location     Type
                  2   61[None  ] int 
 Registers used:
		wreg, status,2, status,0, cstack
 Tracked objects:
		On entry : 
		On exit  : 
		Unchanged: 
 Data sizes:     COMRAM   BANK0   BANK1   BANK2   BANK3   BANK4   BANK5   BANK6   BANK7
      Params:         0       0       0       0       0       0       0       0       0
      Locals:         0       0       0       0       0       0       0       0       0
      Temps:          0       0       0       0       0       0       0       0       0
      Totals:         0       0       0       0       0       0       0       0       0
Total ram usage:        0 bytes
 Hardware stack levels used:    1
 Hardware stack levels required when called:    1
 This function calls:
		_wait00
 This function is called by:
		_main
 This function uses a non-reentrant model


 *************** function _turnRight *****************
 Defined at:
		line 105 in file "main.c"
 Parameters:    Size  Location     Type
		None
 Auto vars:     Size  Location     Type
		None
 Return value:  Size  Location     Type
                  2   55[None  ] int 
 Registers used:
		wreg, status,2, status,0, cstack
 Tracked objects:
		On entry : 
		On exit  : 
		Unchanged: 
 Data sizes:     COMRAM   BANK0   BANK1   BANK2   BANK3   BANK4   BANK5   BANK6   BANK7
      Params:         0       0       0       0       0       0       0       0       0
      Locals:         0       0       0       0       0       0       0       0       0
      Temps:          0       0       0       0       0       0       0       0       0
      Totals:         0       0       0       0       0       0       0       0       0
Total ram usage:        0 bytes
 Hardware stack levels used:    1
 Hardware stack levels required when called:    1
 This function calls:
		_wait00
 This function is called by:
		_main
 This function uses a non-reentrant model


 *************** function _turnLeftWide *****************
 Defined at:
		line 113 in file "main.c"
 Parameters:    Size  Location     Type
		None
 Auto vars:     Size  Location     Type
		None
 Return value:  Size  Location     Type
                  2   58[None  ] int 
 Registers used:
		wreg, status,2, status,0, cstack
 Tracked objects:
		On entry : 
		On exit  : 
		Unchanged: 
 Data sizes:     COMRAM   BANK0   BANK1   BANK2   BANK3   BANK4   BANK5   BANK6   BANK7
      Params:         0       0       0       0       0       0       0       0       0
      Locals:         0       0       0       0       0       0       0       0       0
      Temps:          0       0       0       0       0       0       0       0       0
      Totals:         0       0       0       0       0       0       0       0       0
Total ram usage:        0 bytes
 Hardware stack levels used:    1
 Hardware stack levels required when called:    1
 This function calls:
		_wait00
 This function is called by:
		_main
 This function uses a non-reentrant model


 *************** function _turnLeft *****************
 Defined at:
		line 98 in file "main.c"
 Parameters:    Size  Location     Type
		None
 Auto vars:     Size  Location     Type
		None
 Return value:  Size  Location     Type
                  2   52[None  ] int 
 Registers used:
		wreg, status,2, status,0, cstack
 Tracked objects:
		On entry : 
		On exit  : 
		Unchanged: 
 Data sizes:     COMRAM   BANK0   BANK1   BANK2   BANK3   BANK4   BANK5   BANK6   BANK7
      Params:         0       0       0       0       0       0       0       0       0
      Locals:         0       0       0       0       0       0       0       0       0
      Temps:          0       0       0       0       0       0       0       0       0
      Totals:         0       0       0       0       0       0       0       0       0
Total ram usage:        0 bytes
 Hardware stack levels used:    1
 Hardware stack levels required when called:    1
 This function calls:
		_wait00
 This function is called by:
		_main
 This function uses a non-reentrant model


 *************** function _straight *****************
 Defined at:
		line 132 in file "main.c"
 Parameters:    Size  Location     Type
		None
 Auto vars:     Size  Location     Type
		None
 Return value:  Size  Location     Type
                  2   64[None  ] int 
 Registers used:
		wreg, status,2, status,0, cstack
 Tracked objects:
		On entry : 
		On exit  : 
		Unchanged: 
 Data sizes:     COMRAM   BANK0   BANK1   BANK2   BANK3   BANK4   BANK5   BANK6   BANK7
      Params:         0       0       0       0       0       0       0       0       0
      Locals:         0       0       0       0       0       0       0       0       0
      Temps:          0       0       0       0       0       0       0       0       0
      Totals:         0       0       0       0       0       0       0       0       0
Total ram usage:        0 bytes
 Hardware stack levels used:    1
 Hardware stack levels required when called:    1
 This function calls:
		_wait00
 This function is called by:
		_main
 This function uses a non-reentrant model


 *************** function _led_sens *****************
 Defined at:
		line 21 in file "main.c"
 Parameters:    Size  Location     Type
		None
 Auto vars:     Size  Location     Type
		None
 Return value:  Size  Location     Type
                  2   28[None  ] int 
 Registers used:
		None
 Tracked objects:
		On entry : 
		On exit  : 
		Unchanged: 
 Data sizes:     COMRAM   BANK0   BANK1   BANK2   BANK3   BANK4   BANK5   BANK6   BANK7
      Params:         0       0       0       0       0       0       0       0       0
      Locals:         0       0       0       0       0       0       0       0       0
      Temps:          0       0       0       0       0       0       0       0       0
      Totals:         0       0       0       0       0       0       0       0       0
Total ram usage:        0 bytes
 Hardware stack levels used:    1
 This function calls:
		Nothing
 This function is called by:
		_main
 This function uses a non-reentrant model


 *************** function _getRoadState *****************
 Defined at:
		line 41 in file "main.c"
 Parameters:    Size  Location     Type
  a               2    0[COMRAM] short 
  b               2    2[COMRAM] short 
  c               2    4[COMRAM] short 
  d               2    6[COMRAM] short 
  e               2    8[COMRAM] short 
 Auto vars:     Size  Location     Type
		None
 Return value:  Size  Location     Type
                  1    wreg      enum E3329
 Registers used:
		wreg, status,2, status,0
 Tracked objects:
		On entry : 
		On exit  : 
		Unchanged: 
 Data sizes:     COMRAM   BANK0   BANK1   BANK2   BANK3   BANK4   BANK5   BANK6   BANK7
      Params:        10       0       0       0       0       0       0       0       0
      Locals:         0       0       0       0       0       0       0       0       0
      Temps:          0       0       0       0       0       0       0       0       0
      Totals:        10       0       0       0       0       0       0       0       0
Total ram usage:       10 bytes
 Hardware stack levels used:    1
 This function calls:
		Nothing
 This function is called by:
		_main
 This function uses a non-reentrant model


 *************** function _accelerate *****************
 Defined at:
		line 141 in file "main.c"
 Parameters:    Size  Location     Type
		None
 Auto vars:     Size  Location     Type
		None
 Return value:  Size  Location     Type
                  2   67[None  ] int 
 Registers used:
		wreg, status,2, status,0, cstack
 Tracked objects:
		On entry : 
		On exit  : 
		Unchanged: 
 Data sizes:     COMRAM   BANK0   BANK1   BANK2   BANK3   BANK4   BANK5   BANK6   BANK7
      Params:         0       0       0       0       0       0       0       0       0
      Locals:         0       0       0       0       0       0       0       0       0
      Temps:          0       0       0       0       0       0       0       0       0
      Totals:         0       0       0       0       0       0       0       0       0
Total ram usage:        0 bytes
 Hardware stack levels used:    1
 Hardware stack levels required when called:    1
 This function calls:
		_wait00
 This function is called by:
		_main
 This function uses a non-reentrant model


 *************** function _wait00 *****************
 Defined at:
		line 10 in file "main.c"
 Parameters:    Size  Location     Type
  k               2    0[COMRAM] short 
 Auto vars:     Size  Location     Type
  i               2    5[COMRAM] short 
  j               2    3[COMRAM] short 
 Return value:  Size  Location     Type
                  2    0[COMRAM] int 
 Registers used:
		wreg, status,2, status,0
 Tracked objects:
		On entry : 
		On exit  : 
		Unchanged: 
 Data sizes:     COMRAM   BANK0   BANK1   BANK2   BANK3   BANK4   BANK5   BANK6   BANK7
      Params:         2       0       0       0       0       0       0       0       0
      Locals:         4       0       0       0       0       0       0       0       0
      Temps:          1       0       0       0       0       0       0       0       0
      Totals:         7       0       0       0       0       0       0       0       0
Total ram usage:        7 bytes
 Hardware stack levels used:    1
 This function calls:
		Nothing
 This function is called by:
		_turnLeft
		_turnRight
		_turnLeftWide
		_turnRightWide
		_straight
		_accelerate
		_main
 This function uses a non-reentrant model



MODULE INFORMATION

Module		Function		Class		Link	Load	Size
shared
		__initialization		CODE           	2008	0000	1

shared estimated size: 1

main.c
		_led_sens      		CODE           	7CEA	0000	53
		_straight      		CODE           	7C54	0000	51
		_turnLeft      		CODE           	7BDE	0000	35
		_turnLeftWide  		CODE           	7C86	0000	51
		_turnRight     		CODE           	7C00	0000	35
		_main          		CODE           	7D60	0000	245
		_turnRightWide 		CODE           	7CB8	0000	51
		_wait00        		CODE           	7D1E	0000	67
		_getRoadState  		CODE           	7E54	0000	429
		_accelerate    		CODE           	7C22	0000	51

main.c estimated size: 1068

